[
  {
  "state": 0,
  "key": "common",
  "Value": [
      {
      "state": 0,
      "key": "follow",
      "Value": false
      },
      {
      "state": 0,
      "key": "setting1",
      "Value": "Value 1"
      },
      {
      "state": 0,
      "key": "setting3",
      "Value": null
      },
      {
      "state": 0,
      "key": "setting4",
      "Value": "blah blah"
      },
      {
      "state": 0,
      "key": "setting5",
      "Value": [
          {
          "state": 0,
          "key": "key5",
          "Value": "value5"
          }
        ]
      },
      {
      "state": 0,
      "key": "setting6",
      "Value": [
          {
          "state": 0,
          "key": "doge",
          "Value": [
              {
              "state": 0,
              "key": "wow",
              "Value": "so much"
              }
            ]
          },
          {
          "state": 0,
          "key": "key",
          "Value": "value"
          },
          {
          "state": 0,
          "key": "ops",
          "Value": "vops"
          }
        ]
      }
    ]
  },
  {
  "state": 0,
  "key": "group1",
  "Value": [
      {
      "state": 0,
      "key": "baz",
      "Value": "bars"
      },
      {
      "state": 0,
      "key": "foo",
      "Value": "bar"
      },
      {
      "state": 0,
      "key": "nest",
      "Value": "str"
      }
    ]
  },
  {
  "state": 0,
  "key": "group3",
  "Value": [
      {
      "state": 0,
      "key": "deep",
      "Value": [
          {
          "state": 0,
          "key": "id",
          "Value": [
              {
              "state": 0,
              "key": "number",
              "Value": 45
              }
            ]
          }
        ]
      },
      {
      "state": 0,
      "key": "fee",
      "Value": 100500
      }
    ]
  }
]

