[
  {
    "state": 0,
    "key": "common",
    "oldismap": true,
    "newismap": true,
    "old": {
      "follow": false,
      "setting1": "Value 1",
      "setting3": null,
      "setting4": "blah blah",
      "setting5": {
        "key5": "value5"
      },
      "setting6": {
        "doge": {
          "wow": "so much"
        },
        "key": "value",
        "ops": "vops"
      }
    },
    "new": {
      "follow": false,
      "setting1": "Value 1",
      "setting3": null,
      "setting4": "blah blah",
      "setting5": {
        "key5": "value5"
      },
      "setting6": {
        "doge": {
          "wow": "so much"
        },
        "key": "value",
        "ops": "vops"
      }
    },
    "diff_child": [
      {
        "state": 0,
        "key": "follow",
        "oldismap": false,
        "newismap": false,
        "old": false,
        "new": false
      },
      {
        "state": 0,
        "key": "setting1",
        "oldismap": false,
        "newismap": false,
        "old": "Value 1",
        "new": "Value 1"
      },
      {
        "state": 0,
        "key": "setting3",
        "oldismap": false,
        "newismap": false
      },
      {
        "state": 0,
        "key": "setting4",
        "oldismap": false,
        "newismap": false,
        "old": "blah blah",
        "new": "blah blah"
      },
      {
        "state": 0,
        "key": "setting5",
        "oldismap": true,
        "newismap": true,
        "old": {
          "key5": "value5"
        },
        "new": {
          "key5": "value5"
        },
        "diff_child": [
          {
            "state": 0,
            "key": "key5",
            "oldismap": false,
            "newismap": false,
            "old": "value5",
            "new": "value5"
          }
        ]
      },
      {
        "state": 0,
        "key": "setting6",
        "oldismap": true,
        "newismap": true,
        "old": {
          "doge": {
            "wow": "so much"
          },
          "key": "value",
          "ops": "vops"
        },
        "new": {
          "doge": {
            "wow": "so much"
          },
          "key": "value",
          "ops": "vops"
        },
        "diff_child": [
          {
            "state": 0,
            "key": "doge",
            "oldismap": true,
            "newismap": true,
            "old": {
              "wow": "so much"
            },
            "new": {
              "wow": "so much"
            },
            "diff_child": [
              {
                "state": 0,
                "key": "wow",
                "oldismap": false,
                "newismap": false,
                "old": "so much",
                "new": "so much"
              }
            ]
          },
          {
            "state": 0,
            "key": "key",
            "oldismap": false,
            "newismap": false,
            "old": "value",
            "new": "value"
          },
          {
            "state": 0,
            "key": "ops",
            "oldismap": false,
            "newismap": false,
            "old": "vops",
            "new": "vops"
          }
        ]
      }
    ]
  },
  {
    "state": 0,
    "key": "group1",
    "oldismap": true,
    "newismap": true,
    "old": {
      "baz": "bars",
      "foo": "bar",
      "nest": "str"
    },
    "new": {
      "baz": "bars",
      "foo": "bar",
      "nest": "str"
    },
    "diff_child": [
      {
        "state": 0,
        "key": "baz",
        "oldismap": false,
        "newismap": false,
        "old": "bars",
        "new": "bars"
      },
      {
        "state": 0,
        "key": "foo",
        "oldismap": false,
        "newismap": false,
        "old": "bar",
        "new": "bar"
      },
      {
        "state": 0,
        "key": "nest",
        "oldismap": false,
        "newismap": false,
        "old": "str",
        "new": "str"
      }
    ]
  },
  {
    "state": 0,
    "key": "group3",
    "oldismap": true,
    "newismap": true,
    "old": {
      "deep": {
        "id": {
          "number": 45
        }
      },
      "fee": 100500
    },
    "new": {
      "deep": {
        "id": {
          "number": 45
        }
      },
      "fee": 100500
    },
    "diff_child": [
      {
        "state": 0,
        "key": "deep",
        "oldismap": true,
        "newismap": true,
        "old": {
          "id": {
            "number": 45
          }
        },
        "new": {
          "id": {
            "number": 45
          }
        },
        "diff_child": [
          {
            "state": 0,
            "key": "id",
            "oldismap": true,
            "newismap": true,
            "old": {
              "number": 45
            },
            "new": {
              "number": 45
            },
            "diff_child": [
              {
                "state": 0,
                "key": "number",
                "oldismap": false,
                "newismap": false,
                "old": 45,
                "new": 45
              }
            ]
          }
        ]
      },
      {
        "state": 0,
        "key": "fee",
        "oldismap": false,
        "newismap": false,
        "old": 100500,
        "new": 100500
      }
    ]
  }
]
